=== UPLOAD PAGE LOAD 2025-11-27T17:43:38+05:30 ===
_SERVER: Array
(
    [LSPHP_ProcessGroup] => on
    [PATH] => /usr/local/bin:/bin:/usr/bin
    [HTTP_ACCEPT] => text/html,application/xhtml+xml,application/xml;q=0.9,image/avif,image/webp,image/apng,*/*;q=0.8,application/signed-exchange;v=b3;q=0.7
    [HTTP_ACCEPT_ENCODING] => br
    [HTTP_COOKIE] => _ga_X8Q2LSE8BM=GS2.1.s1763631755$o2$g1$t1763633523$j50$l0$h0; PHPSESSID=7trlp8b5i4br1mti0s3ae16r5h; _ga=GA1.2.68956749.1761289218; _ga_9Q6H0QETRF=GS2.2.s1763995229$o6$g0$t1763995229$j60$l0$h0
    [HTTP_HOST] => www.increditsolutions.in
    [HTTP_USER_AGENT] => Mozilla/5.0 (Windows NT 10.0; Win64; x64) AppleWebKit/537.36 (KHTML, like Gecko) Chrome/140.0.0.0 Safari/537.36 OPR/124.0.0.0
    [HTTP_X_FORWARDED_FOR] => 2401:4900:c084:2aff:2c84:28cb:b01e:30eb
    [HTTP_X_FORWARDED_PROTO] => https
    [HTTP_X_REAL_IP] => 2401:4900:c084:2aff:2c84:28cb:b01e:30eb
    [HTTP_X_REAL_PORT] => 54713
    [HTTP_X_FORWARDED_PORT] => 443
    [HTTP_X_PORT] => 443
    [HTTP_X_LSCACHE] => 1
    [HTTP_SEC_CH_UA] => "Chromium";v="140", "Not=A?Brand";v="24", "Opera";v="124"
    [HTTP_SEC_CH_UA_MOBILE] => ?0
    [HTTP_SEC_CH_UA_PLATFORM] => "Windows"
    [HTTP_UPGRADE_INSECURE_REQUESTS] => 1
    [HTTP_SEC_FETCH_SITE] => none
    [HTTP_SEC_FETCH_MODE] => navigate
    [HTTP_SEC_FETCH_USER] => ?1
    [HTTP_SEC_FETCH_DEST] => document
    [HTTP_PRIORITY] => u=0, i
    [DOCUMENT_ROOT] => /home/u661890306/domains/increditsolutions.in/public_html
    [REMOTE_ADDR] => 2401:4900:c084:2aff:2c84:28cb:b01e:30eb
    [REMOTE_PORT] => 48980
    [SERVER_ADDR] => 2a02:4780:11:1020:0:2773:a502:2
    [SERVER_NAME] => www.increditsolutions.in
    [SERVER_ADMIN] => 
    [SERVER_PORT] => 443
    [REQUEST_SCHEME] => https
    [REQUEST_URI] => /callnow2/UploadData.php
    [PROXY_REMOTE_ADDR] => 2a02:4780:11:13::2
    [FRONTEND_CDN] => QC
    [HTTPS] => on
    [CRAWLER_USLEEP] => 1000
    [CRAWLER_LOAD_LIMIT_ENFORCE] => 25
    [H_PLATFORM] => Hostinger
    [H_TYPE] => shared
    [H_CANARY] => false
    [H_STAGING] => false
    [UNIQUE_ID] => ZYX-CoyJ8oFTVwR9G91uACPP
    [SSL_PROTOCOL] => TLSv1.3
    [SSL_CIPHER] => TLS_AES_256_GCM_SHA384
    [SSL_CIPHER_USEKEYSIZE] => 256
    [SSL_CIPHER_ALGKEYSIZE] => 256
    [SCRIPT_FILENAME] => /home/u661890306/domains/increditsolutions.in/public_html/callnow2/UploadData.php
    [QUERY_STRING] => 
    [SCRIPT_URI] => https://www.increditsolutions.in/callnow2/UploadData.php
    [SCRIPT_URL] => /callnow2/UploadData.php
    [SCRIPT_NAME] => /callnow2/UploadData.php
    [SERVER_PROTOCOL] => HTTP/1.1
    [SERVER_SOFTWARE] => LiteSpeed
    [REQUEST_METHOD] => GET
    [X-LSCACHE] => on,crawler,esi,combine
    [PHP_SELF] => /callnow2/UploadData.php
    [REQUEST_TIME_FLOAT] => 1764245618.7137
    [REQUEST_TIME] => 1764245618
)

_POST: Array
(
)

_FILES: Array
(
)

upload_max_filesize=256M post_max_size=256M

2025-11-27T17:43:38+05:30 Outside import branch (conditions not met)
=== UPLOAD PAGE LOAD 2025-11-27T17:43:41+05:30 ===
_SERVER: Array
(
    [LSPHP_ProcessGroup] => on
    [PATH] => /usr/local/bin:/bin:/usr/bin
    [HTTP_ACCEPT] => text/html,application/xhtml+xml,application/xml;q=0.9,image/avif,image/webp,image/apng,*/*;q=0.8,application/signed-exchange;v=b3;q=0.7
    [HTTP_ACCEPT_ENCODING] => br
    [CONTENT_TYPE] => multipart/form-data; boundary=----WebKitFormBoundaryFz2zbnys64UsropW
    [CONTENT_LENGTH] => 343
    [HTTP_COOKIE] => _ga_X8Q2LSE8BM=GS2.1.s1763631755$o2$g1$t1763633523$j50$l0$h0; PHPSESSID=7trlp8b5i4br1mti0s3ae16r5h; _ga=GA1.2.68956749.1761289218; _ga_9Q6H0QETRF=GS2.2.s1763995229$o6$g0$t1763995229$j60$l0$h0
    [HTTP_HOST] => www.increditsolutions.in
    [HTTP_REFERER] => https://www.increditsolutions.in/callnow2/UploadData.php
    [HTTP_USER_AGENT] => Mozilla/5.0 (Windows NT 10.0; Win64; x64) AppleWebKit/537.36 (KHTML, like Gecko) Chrome/140.0.0.0 Safari/537.36 OPR/124.0.0.0
    [HTTP_CACHE_CONTROL] => max-age=0
    [HTTP_X_FORWARDED_FOR] => 2401:4900:c084:2aff:2c84:28cb:b01e:30eb
    [HTTP_X_FORWARDED_PROTO] => https
    [HTTP_X_REAL_IP] => 2401:4900:c084:2aff:2c84:28cb:b01e:30eb
    [HTTP_X_REAL_PORT] => 54713
    [HTTP_X_FORWARDED_PORT] => 443
    [HTTP_X_PORT] => 443
    [HTTP_X_LSCACHE] => 1
    [HTTP_SEC_CH_UA] => "Chromium";v="140", "Not=A?Brand";v="24", "Opera";v="124"
    [HTTP_SEC_CH_UA_MOBILE] => ?0
    [HTTP_SEC_CH_UA_PLATFORM] => "Windows"
    [HTTP_ORIGIN] => https://www.increditsolutions.in
    [HTTP_UPGRADE_INSECURE_REQUESTS] => 1
    [HTTP_SEC_FETCH_SITE] => same-origin
    [HTTP_SEC_FETCH_MODE] => navigate
    [HTTP_SEC_FETCH_USER] => ?1
    [HTTP_SEC_FETCH_DEST] => document
    [HTTP_PRIORITY] => u=0, i
    [DOCUMENT_ROOT] => /home/u661890306/domains/increditsolutions.in/public_html
    [REMOTE_ADDR] => 2401:4900:c084:2aff:2c84:28cb:b01e:30eb
    [REMOTE_PORT] => 48982
    [SERVER_ADDR] => 2a02:4780:11:1020:0:2773:a502:2
    [SERVER_NAME] => www.increditsolutions.in
    [SERVER_ADMIN] => 
    [SERVER_PORT] => 443
    [REQUEST_SCHEME] => https
    [REQUEST_URI] => /callnow2/UploadData.php
    [PROXY_REMOTE_ADDR] => 2a02:4780:11:13::2
    [FRONTEND_CDN] => QC
    [HTTPS] => on
    [CRAWLER_USLEEP] => 1000
    [CRAWLER_LOAD_LIMIT_ENFORCE] => 25
    [H_PLATFORM] => Hostinger
    [H_TYPE] => shared
    [H_CANARY] => false
    [H_STAGING] => false
    [UNIQUE_ID] => 0kGouXsuMKDnelLu1y3HssA1
    [SSL_PROTOCOL] => TLSv1.3
    [SSL_CIPHER] => TLS_AES_256_GCM_SHA384
    [SSL_CIPHER_USEKEYSIZE] => 256
    [SSL_CIPHER_ALGKEYSIZE] => 256
    [SCRIPT_FILENAME] => /home/u661890306/domains/increditsolutions.in/public_html/callnow2/UploadData.php
    [QUERY_STRING] => 
    [SCRIPT_URI] => https://www.increditsolutions.in/callnow2/UploadData.php
    [SCRIPT_URL] => /callnow2/UploadData.php
    [SCRIPT_NAME] => /callnow2/UploadData.php
    [SERVER_PROTOCOL] => HTTP/1.1
    [SERVER_SOFTWARE] => LiteSpeed
    [REQUEST_METHOD] => POST
    [X-LSCACHE] => on,crawler,esi,combine
    [PHP_SELF] => /callnow2/UploadData.php
    [REQUEST_TIME_FLOAT] => 1764245621.3825
    [REQUEST_TIME] => 1764245621
)

_POST: Array
(
    [import] => 1
    [target_database] => temporary
)

_FILES: Array
(
)

upload_max_filesize=256M post_max_size=256M

2025-11-27T17:43:41+05:30 Outside import branch (conditions not met)
